//
// AUTO-GENERATED FILE. DO NOT MODIFY.
//
// This class was automatically generated by Apollo GraphQL version '$VERSION'.
//
package com.example.fragments_with_defer_and_include_directives.fragment

import com.apollographql.apollo3.api.Adapter
import com.apollographql.apollo3.api.CustomScalarAdapters
import com.apollographql.apollo3.api.StringAdapter
import com.apollographql.apollo3.api.json.JsonReader
import com.apollographql.apollo3.api.json.JsonWriter
import kotlin.String
import kotlin.Unit
import kotlin.collections.List

public object HeroDetailsImpl_ResponseAdapter {
  public object HeroDetails :
      Adapter<com.example.fragments_with_defer_and_include_directives.fragment.HeroDetails> {
    public val RESPONSE_NAMES: List<String> = listOf("name")

    public override fun fromJson(reader: JsonReader, customScalarAdapters: CustomScalarAdapters):
        com.example.fragments_with_defer_and_include_directives.fragment.HeroDetails {
      var name: String? = null

      while(true) {
        when (reader.selectName(RESPONSE_NAMES)) {
          0 -> name = StringAdapter.fromJson(reader, customScalarAdapters)
          else -> break
        }
      }

      return com.example.fragments_with_defer_and_include_directives.fragment.HeroDetails(
        name = name!!
      )
    }

    public override fun toJson(
      writer: JsonWriter,
      customScalarAdapters: CustomScalarAdapters,
      `value`: com.example.fragments_with_defer_and_include_directives.fragment.HeroDetails
    ): Unit {
      writer.name("name")
      StringAdapter.toJson(writer, customScalarAdapters, value.name)
    }
  }
}
