//
// AUTO-GENERATED FILE. DO NOT MODIFY.
//
// This class was automatically generated by Apollo GraphQL version '$VERSION'.
//
package com.example.fragments_with_defer_and_include_directives

import com.apollographql.apollo3.api.Adapter
import com.apollographql.apollo3.api.CompiledField
import com.apollographql.apollo3.api.CustomScalarAdapters
import com.apollographql.apollo3.api.Query
import com.apollographql.apollo3.api.json.JsonWriter
import com.apollographql.apollo3.api.obj
import com.example.fragments_with_defer_and_include_directives.adapter.SpreadMultipleWithDefer_ResponseAdapter
import com.example.fragments_with_defer_and_include_directives.fragment.HeroDetails
import com.example.fragments_with_defer_and_include_directives.selections.SpreadMultipleWithDeferSelections
import kotlin.Any
import kotlin.Boolean
import kotlin.Int
import kotlin.String
import kotlin.Unit

public class SpreadMultipleWithDefer() : Query<SpreadMultipleWithDefer.Data> {
  public override fun equals(other: Any?): Boolean = other != null && other::class == this::class

  public override fun hashCode(): Int = this::class.hashCode()

  public override fun id(): String = OPERATION_ID

  public override fun document(): String = OPERATION_DOCUMENT

  public override fun name(): String = OPERATION_NAME

  public override fun serializeVariables(writer: JsonWriter,
      customScalarAdapters: CustomScalarAdapters): Unit {
    // This operation doesn't have any variable
  }

  public override fun adapter(): Adapter<Data> {
    return SpreadMultipleWithDefer_ResponseAdapter.Data.obj()
  }

  public override fun rootField(): CompiledField = CompiledField.Builder(
    name = "data",
    type = com.example.fragments_with_defer_and_include_directives.type.Query.type
  )
  .selections(selections = SpreadMultipleWithDeferSelections.root)
  .build()

  public data class Data(
    public val hero: Hero?
  ) : Query.Data

  public data class Hero(
    public val __typename: String,
    /**
     * Synthetic field for grouping fragments
     */
    public val fragments: Fragments
  ) {
    public data class Fragments(
      /**
       * Synthetic field for 'HeroDetails'
       */
      public val heroDetails: HeroDetails?
    )
  }

  public companion object {
    public const val OPERATION_ID: String =
        "704cf4139811843a8325eede3abe7293eb3550c727afca1f7c94e290f4324775"

    /**
     * The minimized GraphQL document being sent to the server to save a few bytes.
     * The un-minimized version is:
     *
     * query SpreadMultipleWithDefer {
     *   hero {
     *     __typename
     *     ...HeroDetails @defer(label: "first")
     *     ...HeroDetails @defer(label: "second")
     *   }
     * }
     *
     * fragment HeroDetails on Droid {
     *   name
     * }
     */
    public const val OPERATION_DOCUMENT: String =
        "query SpreadMultipleWithDefer { hero { __typename ...HeroDetails @defer(label: \"first\") ...HeroDetails @defer(label: \"second\") } }  fragment HeroDetails on Droid { name }"

    public const val OPERATION_NAME: String = "SpreadMultipleWithDefer"
  }
}
